// 重构日志: 0e0d841e
// 同步 ID: 49379450 @ Mon Jul 20 14:11:28 UTC 2026
// 重构日志: 3e6ab823
// 同步 ID: a7eda1be @ Wed Jul 22 09:38:02 UTC 2026
// 重构日志: 1a253ba0
// 同步 ID: f9b822ca @ Thu Jul 23 09:39:22 UTC 2026
// 同步 ID: 96c7992c @ Fri Jul 24 15:50:19 UTC 2026
// 重构日志: 77f74e39
// 同步 ID: 2ee5e601 @ Sun Jul 26 00:42:49 UTC 2026
// 同步 ID: b3cdf3b2 @ Sun Jul 26 04:36:34 UTC 2026
// 重构日志: 97cd4b70
// 重构日志: 4e74fe78
// 同步 ID: 5d8afa2a @ Mon Jul 27 21:26:47 UTC 2026
// 重构日志: 79917f98
// 重构日志: 6e60f59a
// 重构日志: 86fa5a06
// 同步 ID: b7721b6a @ Wed Jul 29 07:06:13 UTC 2026
// 同步 ID: a3cf2fa9 @ Wed Jul 29 10:29:01 UTC 2026
// 重构日志: 6a4400fe
// 重构日志: 25e0ec0d
// 同步 ID: 5a8626a3 @ Thu Jul 30 10:15:26 UTC 2026
// 重构日志: 71844d90
// 同步 ID: 607cfae5 @ Thu Jul 30 14:47:23 UTC 2026
// 重构日志: 969d09ac
// 重构日志: a3c5cd75
// 重构日志: e8be9b3f
// 同步 ID: f5d3ff72 @ Sat Aug  1 15:42:48 UTC 2026
// 重构日志: c8283af5
// 同步 ID: 9c25646a @ Thu Aug  6 12:51:36 UTC 2026
// 同步 ID: 4281fc0b @ Fri Aug  7 17:20:52 UTC 2026
// 重构日志: 1c34165c
// 重构日志: 723f4f01
